Category: 📺央视频道, Name: CCTV-2, Total: 10, Valid: 10, Valid Percent: 100.00%, Whitelist: 0, IPv4: 10, IPv6: 0, Min Delay: 375 ms, Max Speed: 5.24 M/s, Avg Speed: 4.23 M/s, Max Resolution: 1920x1080
Category: 📺央视频道, Name: CCTV-3, Total: 7, Valid: 7, Valid Percent: 100.00%, Whitelist: 0, IPv4: 7, IPv6: 0, Min Delay: 437 ms, Max Speed: 5.22 M/s, Avg Speed: 1.92 M/s, Max Resolution: 1920x1080
Category: 📺央视频道, Name: CCTV-4, Total: 10, Valid: 10, Valid Percent: 100.00%, Whitelist: 0, IPv4: 10, IPv6: 0, Min Delay: 375 ms, Max Speed: 7.38 M/s, Avg Speed: 4.57 M/s, Max Resolution: 1920x1080
Category: 📺央视频道, Name: CCTV-5, Total: 13, Valid: 13, Valid Percent: 100.00%, Whitelist: 0, IPv4: 13, IPv6: 0, Min Delay: 375 ms, Max Speed: 7.38 M/s, Avg Speed: 3.83 M/s, Max Resolution: 1920x1080
Category: 📺央视频道, Name: CCTV-5+, Total: 7, Valid: 7, Valid Percent: 100.00%, Whitelist: 0, IPv4: 7, IPv6: 0, Min Delay: 443 ms, Max Speed: 7.38 M/s, Avg Speed: 4.35 M/s, Max Resolution: 1920x1080
Category: 📺央视频道, Name: CCTV-6, Total: 12, Valid: 12, Valid Percent: 100.00%, Whitelist: 0, IPv4: 12, IPv6: 0, Min Delay: 375 ms, Max Speed: 7.38 M/s, Avg Speed: 4.04 M/s, Max Resolution: 1920x1080
Category: 📺央视频道, Name: CCTV-7, Total: 10, Valid: 10, Valid Percent: 100.00%, Whitelist: 0, IPv4: 10, IPv6: 0, Min Delay: 375 ms, Max Speed: 7.38 M/s, Avg Speed: 4.42 M/s, Max Resolution: 1920x1080
Category: 📺央视频道, Name: CCTV-8, Total: 10, Valid: 10, Valid Percent: 100.00%, Whitelist: 0, IPv4: 10, IPv6: 0, Min Delay: 375 ms, Max Speed: 7.38 M/s, Avg Speed: 4.42 M/s, Max Resolution: 1920x1080
Category: 📺央视频道, Name: CCTV-9, Total: 18, Valid: 18, Valid Percent: 100.00%, Whitelist: 0, IPv4: 18, IPv6: 0, Min Delay: 82 ms, Max Speed: 54.70 M/s, Avg Speed: 9.19 M/s, Max Resolution: 1920x1080
Category: 📺央视频道, Name: CCTV-10, Total: 16, Valid: 16, Valid Percent: 100.00%, Whitelist: 0, IPv4: 16, IPv6: 0, Min Delay: 82 ms, Max Speed: 54.70 M/s, Avg Speed: 6.34 M/s, Max Resolution: 1920x1080
Category: 📺央视频道, Name: CCTV-11, Total: 13, Valid: 13, Valid Percent: 100.00%, Whitelist: 0, IPv4: 13, IPv6: 0, Min Delay: 82 ms, Max Speed: 54.70 M/s, Avg Speed: 7.72 M/s, Max Resolution: 1920x1080
Category: 📺央视频道, Name: CCTV-12, Total: 13, Valid: 13, Valid Percent: 100.00%, Whitelist: 0, IPv4: 13, IPv6: 0, Min Delay: 82 ms, Max Speed: 54.70 M/s, Avg Speed: 7.72 M/s, Max Resolution: 1920x1080
Category: 📺央视频道, Name: CCTV-13, Total: 15, Valid: 15, Valid Percent: 100.00%, Whitelist: 0, IPv4: 11, IPv6: 4, Min Delay: 82 ms, Max Speed: 54.70 M/s, Avg Speed: 6.32 M/s, Max Resolution: 1920x1080
Category: 📺央视频道, Name: CCTV-14, Total: 13, Valid: 13, Valid Percent: 100.00%, Whitelist: 0, IPv4: 12, IPv6: 1, Min Delay: 82 ms, Max Speed: 54.70 M/s, Avg Speed: 7.72 M/s, Max Resolution: 1920x1080
Category: 📺央视频道, Name: CCTV-15, Total: 13, Valid: 13, Valid Percent: 100.00%, Whitelist: 0, IPv4: 13, IPv6: 0, Min Delay: 82 ms, Max Speed: 54.70 M/s, Avg Speed: 7.72 M/s, Max Resolution: 1920x1080
Category: 📺央视频道, Name: CCTV-16, Total: 12, Valid: 12, Valid Percent: 100.00%, Whitelist: 0, IPv4: 12, IPv6: 0, Min Delay: 82 ms, Max Speed: 54.70 M/s, Avg Speed: 8.47 M/s, Max Resolution: 1920x1080
Category: 📺央视频道, Name: CCTV-17, Total: 12, Valid: 12, Valid Percent: 100.00%, Whitelist: 0, IPv4: 12, IPv6: 0, Min Delay: 82 ms, Max Speed: 54.70 M/s, Avg Speed: 8.29 M/s, Max Resolution: 1920x1080
Category: 📺央视频道, Name: CETV-1, Total: 10, Valid: 10, Valid Percent: 100.00%, Whitelist: 0, IPv4: 10, IPv6: 0, Min Delay: 396 ms, Max Speed: 8.78 M/s, Avg Speed: 3.70 M/s, Max Resolution: 1920x1080
Category: 📺央视频道, Name: CETV-2, Total: 5, Valid: 5, Valid Percent: 100.00%, Whitelist: 0, IPv4: 5, IPv6: 0, Min Delay: 396 ms, Max Speed: 8.78 M/s, Avg Speed: 4.58 M/s, Max Resolution: 1920x1080
Category: 📺央视频道, Name: CETV-3, Total: 6, Valid: 6, Valid Percent: 100.00%, Whitelist: 0, IPv4: 6, IPv6: 0, Min Delay: 396 ms, Max Speed: 8.78 M/s, Avg Speed: 5.03 M/s, Max Resolution: 1920x1080
Category: 📺央视频道, Name: CETV-4, Total: 5, Valid: 5, Valid Percent: 100.00%, Whitelist: 0, IPv4: 5, IPv6: 0, Min Delay: 396 ms, Max Speed: 8.78 M/s, Avg Speed: 4.58 M/s, Max Resolution: 1920x1080
Category: 💰央视付费频道, Name: 文化精品, Total: 8, Valid: 8, Valid Percent: 100.00%, Whitelist: 0, IPv4: 8, IPv6: 0, Min Delay: 82 ms, Max Speed: 54.70 M/s, Avg Speed: 9.87 M/s, Max Resolution: 1920x1080
Category: 💰央视付费频道, Name: 央视台球, Total: 5, Valid: 5, Valid Percent: 100.00%, Whitelist: 0, IPv4: 5, IPv6: 0, Min Delay: 443 ms, Max Speed: 7.29 M/s, Avg Speed: 3.26 M/s, Max Resolution: 1920x1080
Category: 💰央视付费频道, Name: 风云音乐, Total: 8, Valid: 8, Valid Percent: 100.00%, Whitelist: 0, IPv4: 8, IPv6: 0, Min Delay: 82 ms, Max Speed: 54.70 M/s, Avg Speed: 8.89 M/s, Max Resolution: 1920x1080
Category: 💰央视付费频道, Name: 第一剧场, Total: 7, Valid: 7, Valid Percent: 100.00%, Whitelist: 0, IPv4: 7, IPv6: 0, Min Delay: 82 ms, Max Speed: 54.70 M/s, Avg Speed: 10.89 M/s, Max Resolution: 1920x1080
Category: 💰央视付费频道, Name: 风云剧场, Total: 7, Valid: 7, Valid Percent: 100.00%, Whitelist: 0, IPv4: 7, IPv6: 0, Min Delay: 82 ms, Max Speed: 54.70 M/s, Avg Speed: 10.89 M/s, Max Resolution: 1920x1080
Category: 💰央视付费频道, Name: 怀旧剧场, Total: 7, Valid: 7, Valid Percent: 100.00%, Whitelist: 0, IPv4: 7, IPv6: 0, Min Delay: 82 ms, Max Speed: 54.70 M/s, Avg Speed: 10.89 M/s, Max Resolution: 1920x1080
Category: 💰央视付费频道, Name: 女性时尚, Total: 6, Valid: 6, Valid Percent: 100.00%, Whitelist: 0, IPv4: 6, IPv6: 0, Min Delay: 82 ms, Max Speed: 54.70 M/s, Avg Speed: 11.07 M/s, Max Resolution: 1920x1080
Category: 💰央视付费频道, Name: 高尔夫网球, Total: 5, Valid: 5, Valid Percent: 100.00%, Whitelist: 0, IPv4: 5, IPv6: 0, Min Delay: 375 ms, Max Speed: 5.24 M/s, Avg Speed: 2.85 M/s, Max Resolution: 1920x1080
Category: 💰央视付费频道, Name: 风云足球, Total: 6, Valid: 6, Valid Percent: 100.00%, Whitelist: 0, IPv4: 6, IPv6: 0, Min Delay: 375 ms, Max Speed: 7.29 M/s, Avg Speed: 3.59 M/s, Max Resolution: 1920x1080
Category: 💰央视付费频道, Name: 电视指南, Total: 2, Valid: 2, Valid Percent: 100.00%, Whitelist: 0, IPv4: 2, IPv6: 0, Min Delay: 1151 ms, Max Speed: 3.12 M/s, Avg Speed: 1.71 M/s, Max Resolution: 1920x1080
Category: 💰央视付费频道, Name: 世界地理, Total: 5, Valid: 5, Valid Percent: 100.00%, Whitelist: 0, IPv4: 5, IPv6: 0, Min Delay: 386 ms, Max Speed: 7.29 M/s, Avg Speed: 2.77 M/s, Max Resolution: 1920x1080
Category: 💰央视付费频道, Name: 兵器科技, Total: 5, Valid: 5, Valid Percent: 100.00%, Whitelist: 0, IPv4: 5, IPv6: 0, Min Delay: 82 ms, Max Speed: 54.70 M/s, Avg Speed: 12.74 M/s, Max Resolution: 1920x1080
Category: 📡卫视频道, Name: 广东卫视, Total: 8, Valid: 8, Valid Percent: 100.00%, Whitelist: 0, IPv4: 8, IPv6: 0, Min Delay: 82 ms, Max Speed: 54.70 M/s, Avg Speed: 10.45 M/s, Max Resolution: 1920x1080
Category: 📡卫视频道, Name: 浙江卫视, Total: 10, Valid: 10, Valid Percent: 100.00%, Whitelist: 0, IPv4: 8, IPv6: 2, Min Delay: 82 ms, Max Speed: 54.70 M/s, Avg Speed: 8.44 M/s, Max Resolution: 1920x1080
Category: 📡卫视频道, Name: 湖南卫视, Total: 15, Valid: 15, Valid Percent: 100.00%, Whitelist: 0, IPv4: 15, IPv6: 0, Min Delay: 17 ms, Max Speed: 54.70 M/s, Avg Speed: 7.52 M/s, Max Resolution: 1920x1080
Category: 📡卫视频道, Name: 北京卫视, Total: 10, Valid: 10, Valid Percent: 100.00%, Whitelist: 0, IPv4: 10, IPv6: 0, Min Delay: 17 ms, Max Speed: 54.70 M/s, Avg Speed: 9.26 M/s, Max Resolution: 1920x1080
Category: 📡卫视频道, Name: 湖北卫视, Total: 9, Valid: 9, Valid Percent: 100.00%, Whitelist: 0, IPv4: 9, IPv6: 0, Min Delay: 17 ms, Max Speed: 54.70 M/s, Avg Speed: 9.44 M/s, Max Resolution: 1920x1080
Category: 📡卫视频道, Name: 黑龙江卫视, Total: 9, Valid: 9, Valid Percent: 100.00%, Whitelist: 0, IPv4: 9, IPv6: 0, Min Delay: 17 ms, Max Speed: 54.70 M/s, Avg Speed: 9.44 M/s, Max Resolution: 1920x1080
Category: 📡卫视频道, Name: 安徽卫视, Total: 10, Valid: 10, Valid Percent: 100.00%, Whitelist: 0, IPv4: 10, IPv6: 0, Min Delay: 82 ms, Max Speed: 54.70 M/s, Avg Speed: 8.97 M/s, Max Resolution: 1920x1080
Category: 📡卫视频道, Name: 重庆卫视, Total: 9, Valid: 9, Valid Percent: 100.00%, Whitelist: 0, IPv4: 9, IPv6: 0, Min Delay: 17 ms, Max Speed: 54.70 M/s, Avg Speed: 9.44 M/s, Max Resolution: 1920x1080
Category: 📡卫视频道, Name: 东方卫视, Total: 10, Valid: 10, Valid Percent: 100.00%, Whitelist: 0, IPv4: 10, IPv6: 0, Min Delay: 82 ms, Max Speed: 54.70 M/s, Avg Speed: 9.13 M/s, Max Resolution: 1920x1080
Category: 📡卫视频道, Name: 东南卫视, Total: 7, Valid: 7, Valid Percent: 100.00%, Whitelist: 0, IPv4: 7, IPv6: 0, Min Delay: 82 ms, Max Speed: 54.70 M/s, Avg Speed: 10.93 M/s, Max Resolution: 1920x1080
Category: 📡卫视频道, Name: 甘肃卫视, Total: 5, Valid: 5, Valid Percent: 100.00%, Whitelist: 0, IPv4: 5, IPv6: 0, Min Delay: 82 ms, Max Speed: 54.70 M/s, Avg Speed: 12.25 M/s, Max Resolution: 1920x1080
Category: 📡卫视频道, Name: 广西卫视, Total: 9, Valid: 8, Valid Percent: 88.89%, Whitelist: 0, IPv4: 7, IPv6: 2, Min Delay: 82 ms, Max Speed: 54.70 M/s, Avg Speed: 9.82 M/s, Max Resolution: 1920x1080
Category: 📡卫视频道, Name: 贵州卫视, Total: 8, Valid: 8, Valid Percent: 100.00%, Whitelist: 0, IPv4: 8, IPv6: 0, Min Delay: 82 ms, Max Speed: 54.70 M/s, Avg Speed: 9.90 M/s, Max Resolution: 1920x1080
Category: 📡卫视频道, Name: 海南卫视, Total: 5, Valid: 5, Valid Percent: 100.00%, Whitelist: 0, IPv4: 5, IPv6: 0, Min Delay: 17 ms, Max Speed: 54.70 M/s, Avg Speed: 13.45 M/s, Max Resolution: 1920x1080
Category: 📡卫视频道, Name: 河北卫视, Total: 10, Valid: 10, Valid Percent: 100.00%, Whitelist: 0, IPv4: 10, IPv6: 0, Min Delay: 17 ms, Max Speed: 54.70 M/s, Avg Speed: 9.01 M/s, Max Resolution: 1920x1080
Category: 📡卫视频道, Name: 河南卫视, Total: 10, Valid: 10, Valid Percent: 100.00%, Whitelist: 0, IPv4: 10, IPv6: 0, Min Delay: 82 ms, Max Speed: 54.70 M/s, Avg Speed: 8.97 M/s, Max Resolution: 1920x1080
Category: 📡卫视频道, Name: 吉林卫视, Total: 8, Valid: 8, Valid Percent: 100.00%, Whitelist: 0, IPv4: 8, IPv6: 0, Min Delay: 82 ms, Max Speed: 54.70 M/s, Avg Speed: 9.90 M/s, Max Resolution: 1920x1080
Category: 📡卫视频道, Name: 江苏卫视, Total: 10, Valid: 10, Valid Percent: 100.00%, Whitelist: 0, IPv4: 10, IPv6: 0, Min Delay: 82 ms, Max Speed: 54.70 M/s, Avg Speed: 9.13 M/s, Max Resolution: 1920x1080
Category: 📡卫视频道, Name: 江西卫视, Total: 9, Valid: 9, Valid Percent: 100.00%, Whitelist: 0, IPv4: 9, IPv6: 0, Min Delay: 17 ms, Max Speed: 54.70 M/s, Avg Speed: 9.44 M/s, Max Resolution: 1920x1080
Category: 📡卫视频道, Name: 辽宁卫视, Total: 8, Valid: 8, Valid Percent: 100.00%, Whitelist: 0, IPv4: 8, IPv6: 0, Min Delay: 82 ms, Max Speed: 54.70 M/s, Avg Speed: 9.90 M/s, Max Resolution: 1920x1080
Category: 📡卫视频道, Name: 内蒙古卫视, Total: 12, Valid: 12, Valid Percent: 100.00%, Whitelist: 0, IPv4: 10, IPv6: 2, Min Delay: 17 ms, Max Speed: 54.70 M/s, Avg Speed: 7.10 M/s, Max Resolution: 1920x1080
Category: 📡卫视频道, Name: 宁夏卫视, Total: 7, Valid: 7, Valid Percent: 100.00%, Whitelist: 0, IPv4: 7, IPv6: 0, Min Delay: 82 ms, Max Speed: 54.70 M/s, Avg Speed: 10.84 M/s, Max Resolution: 1920x1080
Category: 📡卫视频道, Name: 青海卫视, Total: 11, Valid: 11, Valid Percent: 100.00%, Whitelist: 0, IPv4: 9, IPv6: 2, Min Delay: 17 ms, Max Speed: 54.70 M/s, Avg Speed: 7.88 M/s, Max Resolution: 1920x1080
Category: 📡卫视频道, Name: 山东卫视, Total: 9, Valid: 9, Valid Percent: 100.00%, Whitelist: 0, IPv4: 9, IPv6: 0, Min Delay: 82 ms, Max Speed: 54.70 M/s, Avg Speed: 9.38 M/s, Max Resolution: 1920x1080
Category: 📡卫视频道, Name: 山西卫视, Total: 8, Valid: 8, Valid Percent: 100.00%, Whitelist: 0, IPv4: 8, IPv6: 0, Min Delay: 17 ms, Max Speed: 54.70 M/s, Avg Speed: 10.20 M/s, Max Resolution: 1920x1080
Category: 📡卫视频道, Name: 陕西卫视, Total: 9, Valid: 9, Valid Percent: 100.00%, Whitelist: 0, IPv4: 9, IPv6: 0, Min Delay: 17 ms, Max Speed: 54.70 M/s, Avg Speed: 9.44 M/s, Max Resolution: 1920x1080
Category: 📡卫视频道, Name: 四川卫视, Total: 9, Valid: 9, Valid Percent: 100.00%, Whitelist: 0, IPv4: 9, IPv6: 0, Min Delay: 17 ms, Max Speed: 54.70 M/s, Avg Speed: 9.44 M/s, Max Resolution: 1920x1080
Category: 📡卫视频道, Name: 深圳卫视, Total: 10, Valid: 10, Valid Percent: 100.00%, Whitelist: 0, IPv4: 10, IPv6: 0, Min Delay: 82 ms, Max Speed: 54.70 M/s, Avg Speed: 8.97 M/s, Max Resolution: 1920x1080
Category: 📡卫视频道, Name: 三沙卫视, Total: 6, Valid: 6, Valid Percent: 100.00%, Whitelist: 0, IPv4: 6, IPv6: 0, Min Delay: 82 ms, Max Speed: 54.70 M/s, Avg Speed: 12.68 M/s, Max Resolution: 1920x1080
Category: 📡卫视频道, Name: 天津卫视, Total: 10, Valid: 8, Valid Percent: 80.00%, Whitelist: 0, IPv4: 10, IPv6: 0, Min Delay: 82 ms, Max Speed: 54.70 M/s, Avg Speed: 10.21 M/s, Max Resolution: 1920x1080
Category: 📡卫视频道, Name: 西藏卫视, Total: 10, Valid: 9, Valid Percent: 90.00%, Whitelist: 0, IPv4: 8, IPv6: 2, Min Delay: 17 ms, Max Speed: 54.70 M/s, Avg Speed: 8.89 M/s, Max Resolution: 1920x1080
Category: 📡卫视频道, Name: 新疆卫视, Total: 11, Valid: 10, Valid Percent: 90.91%, Whitelist: 0, IPv4: 10, IPv6: 1, Min Delay: 17 ms, Max Speed: 54.70 M/s, Avg Speed: 8.54 M/s, Max Resolution: 1920x1080
Category: 📡卫视频道, Name: 云南卫视, Total: 11, Valid: 10, Valid Percent: 90.91%, Whitelist: 0, IPv4: 10, IPv6: 1, Min Delay: 82 ms, Max Speed: 54.70 M/s, Avg Speed: 8.02 M/s, Max Resolution: 1920x1080
Category: ☘️上海频道, Name: 上海外语, Total: 2, Valid: 2, Valid Percent: 100.00%, Whitelist: 0, IPv4: 2, IPv6: 0, Min Delay: 76 ms, Max Speed: 24.87 M/s, Avg Speed: 24.87 M/s, Max Resolution: 1920x1080
Category: ☘️上海频道, Name: 上视外语, Total: 2, Valid: 2, Valid Percent: 100.00%, Whitelist: 0, IPv4: 2, IPv6: 0, Min Delay: 2493 ms, Max Speed: 0.03 M/s, Avg Speed: 0.03 M/s, Max Resolution: None
Category: ☘️上海频道, Name: 东方影视, Total: 2, Valid: 2, Valid Percent: 100.00%, Whitelist: 0, IPv4: 1, IPv6: 1, Min Delay: 1151 ms, Max Speed: 3.12 M/s, Avg Speed: 1.80 M/s, Max Resolution: 1920x1080
Category: ☘️上海频道, Name: 全纪实, Total: 1, Valid: 0, Valid Percent: 0.00%, Whitelist: 0, IPv4: 1, IPv6: 0, Min Delay: 471 ms, Max Speed: 0.00 M/s, Avg Speed: 0.00 M/s, Max Resolution: 1920x1080
Category: ☘️上海频道, Name: 哈哈炫动, Total: 2, Valid: 2, Valid Percent: 100.00%, Whitelist: 0, IPv4: 1, IPv6: 1, Min Delay: 2269 ms, Max Speed: 0.48 M/s, Avg Speed: 0.38 M/s, Max Resolution: 1920x1080
Category: ☘️上海频道, Name: 新闻综合, Total: 2, Valid: 2, Valid Percent: 100.00%, Whitelist: 0, IPv4: 2, IPv6: 0, Min Delay: 2433 ms, Max Speed: 0.60 M/s, Avg Speed: 0.60 M/s, Max Resolution: 1920x1080
Category: ☘️上海频道, Name: 欢笑剧场, Total: 4, Valid: 3, Valid Percent: 75.00%, Whitelist: 0, IPv4: 4, IPv6: 0, Min Delay: 471 ms, Max Speed: 8.78 M/s, Avg Speed: 4.06 M/s, Max Resolution: 1920x1080
Category: ☘️上海频道, Name: 法治天地, Total: 4, Valid: 4, Valid Percent: 100.00%, Whitelist: 0, IPv4: 3, IPv6: 1, Min Delay: 82 ms, Max Speed: 54.70 M/s, Avg Speed: 16.00 M/s, Max Resolution: 1920x1080
Category: ☘️上海频道, Name: 生活时尚, Total: 1, Valid: 1, Valid Percent: 100.00%, Whitelist: 0, IPv4: 1, IPv6: 0, Min Delay: 2493 ms, Max Speed: 0.03 M/s, Avg Speed: 0.03 M/s, Max Resolution: None
Category: ☘️上海频道, Name: 第一财经, Total: 2, Valid: 2, Valid Percent: 100.00%, Whitelist: 0, IPv4: 2, IPv6: 0, Min Delay: 17 ms, Max Speed: 5.69 M/s, Avg Speed: 2.86 M/s, Max Resolution: None
Category: ☘️上海频道, Name: 纪实人文, Total: 2, Valid: 1, Valid Percent: 50.00%, Whitelist: 0, IPv4: 2, IPv6: 0, Min Delay: 471 ms, Max Speed: 0.03 M/s, Avg Speed: 0.03 M/s, Max Resolution: 1920x1080
Category: ☘️上海频道, Name: 都市剧场, Total: 8, Valid: 7, Valid Percent: 87.50%, Whitelist: 0, IPv4: 8, IPv6: 0, Min Delay: 25 ms, Max Speed: 54.70 M/s, Avg Speed: 10.85 M/s, Max Resolution: 1920x1080
Category: 🌊港·澳·台, Name: 翡翠台, Total: 5, Valid: 2, Valid Percent: 40.00%, Whitelist: 0, IPv4: 4, IPv6: 1, Min Delay: 357 ms, Max Speed: 3.04 M/s, Avg Speed: 1.76 M/s, Max Resolution: 1920x1080
Category: 🌊港·澳·台, Name: 凤凰中文, Total: 7, Valid: 7, Valid Percent: 100.00%, Whitelist: 0, IPv4: 6, IPv6: 1, Min Delay: 506 ms, Max Speed: 0.66 M/s, Avg Speed: 0.33 M/s, Max Resolution: 1920x1080
Category: 🌊港·澳·台, Name: 凤凰资讯, Total: 7, Valid: 7, Valid Percent: 100.00%, Whitelist: 0, IPv4: 6, IPv6: 1, Min Delay: 347 ms, Max Speed: 5.20 M/s, Avg Speed: 1.02 M/s, Max Resolution: 1920x1080
Category: 🌊港·澳·台, Name: 凤凰香港, Total: 4, Valid: 4, Valid Percent: 100.00%, Whitelist: 0, IPv4: 3, IPv6: 1, Min Delay: 456 ms, Max Speed: 5.20 M/s, Avg Speed: 1.49 M/s, Max Resolution: 1920x1080
Category: 🌊港·澳·台, Name: TVBS亚洲, Total: 4, Valid: 4, Valid Percent: 100.00%, Whitelist: 0, IPv4: 2, IPv6: 2, Min Delay: 73 ms, Max Speed: 36.51 M/s, Avg Speed: 18.48 M/s, Max Resolution: 1920x1080
Category: 🌊港·澳·台, Name: 纬来体育, Total: 5, Valid: 2, Valid Percent: 40.00%, Whitelist: 0, IPv4: 3, IPv6: 2, Min Delay: 965 ms, Max Speed: 0.67 M/s, Avg Speed: 0.67 M/s, Max Resolution: 1920x1080
Category: 🌊港·澳·台, Name: 东森超视, Total: 1, Valid: 1, Valid Percent: 100.00%, Whitelist: 0, IPv4: 1, IPv6: 0, Min Delay: 3071 ms, Max Speed: 0.45 M/s, Avg Speed: 0.45 M/s, Max Resolution: 1920x1080
Category: 🌊港·澳·台, Name: 星卫娱乐, Total: 2, Valid: 2, Valid Percent: 100.00%, Whitelist: 0, IPv4: 2, IPv6: 0, Min Delay: 12263 ms, Max Speed: 0.16 M/s, Avg Speed: 0.16 M/s, Max Resolution: 1920x1080
Category: 🏀体育频道, Name: CCTV-5, Total: 11, Valid: 11, Valid Percent: 100.00%, Whitelist: 0, IPv4: 11, IPv6: 0, Min Delay: 375 ms, Max Speed: 7.38 M/s, Avg Speed: 3.83 M/s, Max Resolution: 1920x1080
Category: 🏀体育频道, Name: CCTV-5+, Total: 7, Valid: 7, Valid Percent: 100.00%, Whitelist: 0, IPv4: 7, IPv6: 0, Min Delay: 443 ms, Max Speed: 7.38 M/s, Avg Speed: 4.35 M/s, Max Resolution: 1920x1080
Category: 🏀体育频道, Name: 广东体育, Total: 9, Valid: 9, Valid Percent: 100.00%, Whitelist: 0, IPv4: 5, IPv6: 4, Min Delay: 357 ms, Max Speed: 27.45 M/s, Avg Speed: 8.33 M/s, Max Resolution: 1920x1080
Category: 🏀体育频道, Name: 五星体育, Total: 4, Valid: 4, Valid Percent: 100.00%, Whitelist: 0, IPv4: 3, IPv6: 1, Min Delay: 397 ms, Max Speed: 27.45 M/s, Avg Speed: 7.72 M/s, Max Resolution: 1920x1080
Category: 🏀体育频道, Name: 山东体育, Total: 2, Valid: 2, Valid Percent: 100.00%, Whitelist: 0, IPv4: 2, IPv6: 0, Min Delay: 17 ms, Max Speed: 5.69 M/s, Avg Speed: 5.10 M/s, Max Resolution: None
Category: 🏀体育频道, Name: 天津体育, Total: 3, Valid: 3, Valid Percent: 100.00%, Whitelist: 0, IPv4: 3, IPv6: 0, Min Delay: 586 ms, Max Speed: 8.78 M/s, Avg Speed: 4.06 M/s, Max Resolution: 1920x1080
Category: 🏀体育频道, Name: 风云足球, Total: 6, Valid: 6, Valid Percent: 100.00%, Whitelist: 0, IPv4: 6, IPv6: 0, Min Delay: 375 ms, Max Speed: 7.29 M/s, Avg Speed: 3.59 M/s, Max Resolution: 1920x1080
Category: 🏀体育频道, Name: 天元围棋, Total: 2, Valid: 2, Valid Percent: 100.00%, Whitelist: 0, IPv4: 2, IPv6: 0, Min Delay: 396 ms, Max Speed: 3.33 M/s, Avg Speed: 1.81 M/s, Max Resolution: 1920x1080
Category: 🎮游戏频道, Name: 游戏风云, Total: 2, Valid: 2, Valid Percent: 100.00%, Whitelist: 0, IPv4: 1, IPv6: 1, Min Delay: 2269 ms, Max Speed: 0.48 M/s, Avg Speed: 0.25 M/s, Max Resolution: 1920x1080
